# serializer version: 1
# name: test_config_low_dimensions
  'Error: No marker found in patch topLeftMarker'
# ---
# name: test_config_low_dimensions_safe_case
  None
# ---
